// Jest Snapshot v1, https://goo.gl/fbAQLP

exports[`StandardizedLambda Snapshot Matches snapshot with default role 1`] = `
{
  "Parameters": {
    "BootstrapVersion": {
      "Default": "/cdk-bootstrap/hnb659fds/version",
      "Description": "Version of the CDK Bootstrap resources in this environment, automatically retrieved from SSM Parameter Store. [cdk:skip]",
      "Type": "AWS::SSM::Parameter::Value<String>",
    },
  },
  "Resources": {
    "LambdaWithDefaultRoleLambdaExecutionRoleC97BBC5D": {
      "Properties": {
        "AssumeRolePolicyDocument": {
          "Statement": [
            {
              "Action": "sts:AssumeRole",
              "Effect": "Allow",
              "Principal": {
                "Service": "lambda.amazonaws.com",
              },
            },
          ],
          "Version": "2012-10-17",
        },
        "ManagedPolicyArns": [
          {
            "Fn::Join": [
              "",
              [
                "arn:",
                {
                  "Ref": "AWS::Partition",
                },
                ":iam::aws:policy/service-role/AWSLambdaBasicExecutionRole",
              ],
            ],
          },
        ],
      },
      "Type": "AWS::IAM::Role",
    },
    "LambdaWithDefaultRoleLambdaFunction9A204F5F": {
      "DependsOn": [
        "LambdaWithDefaultRoleLambdaExecutionRoleC97BBC5D",
      ],
      "Properties": {
        "Code": {
          "ZipFile": "exports.handler = async () => {};",
        },
        "Handler": "index.handler",
        "Role": {
          "Fn::GetAtt": [
            "LambdaWithDefaultRoleLambdaExecutionRoleC97BBC5D",
            "Arn",
          ],
        },
        "Runtime": "nodejs22.x",
      },
      "Type": "AWS::Lambda::Function",
    },
  },
  "Rules": {
    "CheckBootstrapVersion": {
      "Assertions": [
        {
          "Assert": {
            "Fn::Not": [
              {
                "Fn::Contains": [
                  [
                    "1",
                    "2",
                    "3",
                    "4",
                    "5",
                  ],
                  {
                    "Ref": "BootstrapVersion",
                  },
                ],
              },
            ],
          },
          "AssertDescription": "CDK bootstrap stack version 6 required. Please run 'cdk bootstrap' with a recent version of the CDK CLI.",
        },
      ],
    },
  },
}
`;
